// Jest Snapshot v1, https://goo.gl/fbAQLP

exports[`Book List Page can render the Book List page 1`] = `ShallowWrapper {}`;
