// Jest Snapshot v1, https://goo.gl/fbAQLP

exports[`Book Detail Page can render the Book Detail page 1`] = `ShallowWrapper {}`;
